// Vitest Snapshot v1, https://vitest.dev/guide/snapshot.html

exports[`NotFoundPage > matches the snapshot 1`] = `
<DocumentFragment>
  <p>
    Route doesnt exist
  </p>
</DocumentFragment>
`;
